[INFO] Scanning for projects...
[INFO] 
[INFO] ------------------< com.aerionsports:AerionSports_BE >------------------
[INFO] Building AerionSports_BE 0.0.1-SNAPSHOT
[INFO]   from pom.xml
[INFO] --------------------------------[ jar ]---------------------------------
[INFO] 
[INFO] --- clean:3.3.2:clean (default-clean) @ AerionSports_BE ---
[INFO] Deleting D:\A3\be\Aerion-Sports\AerionSports_BE\target
[INFO] ------------------------------------------------------------------------
[INFO] BUILD FAILURE
[INFO] ------------------------------------------------------------------------
[INFO] Total time:  3.023 s
[INFO] Finished at: 2026-06-30T16:13:16+07:00
[INFO] ------------------------------------------------------------------------
[ERROR] Failed to execute goal org.apache.maven.plugins:maven-clean-plugin:3.3.2:clean (default-clean) on project AerionSports_BE: Failed to clean project: Failed to delete D:\A3\be\Aerion-Sports\AerionSports_BE\target\backend-run.out.log -> [Help 1]
[ERROR] 
[ERROR] To see the full stack trace of the errors, re-run Maven with the -e switch.
[ERROR] Re-run Maven using the -X switch to enable full debug logging.
[ERROR] 
[ERROR] For more information about the errors and possible solutions, please read the following articles:
[ERROR] [Help 1] http://cwiki.apache.org/confluence/display/MAVEN/MojoExecutionException
